{name}-source {version}
Generate and print out the script

USAGE:
    {name} source [OPTIONS]

OPTIONS:
        --relock       Regenerate the lock file
        --update       Update all plugin sources (implies --relock)
        --reinstall    Reinstall all plugin sources (implies --relock)
    -h, --help         Print help information
    -V, --version      Print version information
