Generate and print out the script

Usage: sheldon source [OPTIONS] [PROFILE]

Arguments:
  [PROFILE]  The profile used for conditional plugins [env: SHELDON_PROFILE=]

Options:
      --relock     Regenerate the lock file
      --update     Update all plugin sources (implies --relock)
      --reinstall  Reinstall all plugin sources (implies --relock)
  -h, --help       Print help
